../Drivers/Device_Drivers/HD44780_LCD/HD44780_LCD.c:61:13:Write_HalfByte	8	static
../Drivers/Device_Drivers/HD44780_LCD/HD44780_LCD.c:70:13:EN_SET	0	static
../Drivers/Device_Drivers/HD44780_LCD/../../ARM_Drivers/Delay_Micros/dwt_stm32_delay.h:22:22:DWT_Delay_us	24	static
../Drivers/Device_Drivers/HD44780_LCD/HD44780_LCD.c:88:20:Alcd_SendByte	16	static
../Drivers/Device_Drivers/HD44780_LCD/HD44780_LCD.c:141:6:Alcd_CursorAt	0	static
../Drivers/Device_Drivers/HD44780_LCD/HD44780_LCD.c:145:6:Alcd_Put_n	16	static
../Drivers/Device_Drivers/HD44780_LCD/HD44780_LCD.c:151:6:Alcd_PutAt_n	16	static
../Drivers/Device_Drivers/HD44780_LCD/HD44780_LCD.c:157:6:Alcd_Home	8	static
../Drivers/Device_Drivers/HD44780_LCD/HD44780_LCD.c:162:6:Alcd_Clear	8	static
../Drivers/Device_Drivers/HD44780_LCD/HD44780_LCD.c:167:6:Alcd_Display_Control	0	static
../Drivers/Device_Drivers/HD44780_LCD/HD44780_LCD.c:100:6:Alcd_Init	40	static
../Drivers/Device_Drivers/HD44780_LCD/HD44780_LCD.c:183:6:Alcd_CreateChar	16	static
../Drivers/Device_Drivers/HD44780_LCD/HD44780_LCD.c:193:6:Alcd_PutChar	0	static
../Drivers/Device_Drivers/HD44780_LCD/HD44780_LCD.c:197:5:Str_Len	0	static
